
> exam-shield-frontend@0.0.0 build
> vite build

[36mvite v5.4.19 [32mbuilding for production...[36m[39m
transforming...
node.exe : Browserslist: browsers data (caniuse-lite) is 8 months old. Please run:
At line:1 char:1
+ & "C:\Program Files\nodejs/node.exe" "C:\Users\skmir\AppData\Roaming\ ...
+ ~~~~~~~~~~~~~~~~~~~~~~~~~~~~~~~~~~~~~~~~~~~~~~~~~~~~~~~~~~~~~~~~~~~~~
    + CategoryInfo          : NotSpecified: (Browserslist: b...ld. Please run::String) [], RemoteExc 
   eption
    + FullyQualifiedErrorId : NativeCommandError
 
  npx update-browserslist-db@latest
  Why you should do it regularly: https://github.com/browserslist/update-db#readme
[32mΓ£ô[39m 23 modules transformed.
Γ£ô Frontend build copied to backend/public
[31mx[39m Build failed in 6.09s
[31merror during build:
[31m[vite:esbuild] Transform failed with 1 error:
D:/CSE 7th SEMESTER/exam_guard/src/features/auth/Signup.tsx:311:4: ERROR: Unexpected end of file[31m
file: [36mD:/CSE 7th SEMESTER/exam_guard/src/features/auth/Signup.tsx:311:4[31m
[33m
[33mUnexpected end of file[33m
309|        </div>
310|      </div>
311|    );
   |      ^
[31m
    at failureErrorWithLog (D:\CSE 7th SEMESTER\exam_guard\node_modules\esbuild\lib\main.js:1472:15)
    at D:\CSE 7th SEMESTER\exam_guard\node_modules\esbuild\lib\main.js:755:50
    at responseCallbacks.<computed> (D:\CSE 7th 
SEMESTER\exam_guard\node_modules\esbuild\lib\main.js:622:9)
    at handleIncomingPacket (D:\CSE 7th SEMESTER\exam_guard\node_modules\esbuild\lib\main.js:677:12)
    at Socket.readFromStdout (D:\CSE 7th SEMESTER\exam_guard\node_modules\esbuild\lib\main.js:600:7)
    at Socket.emit (node:events:508:28)
    at addChunk (node:internal/streams/readable:559:12)
    at readableAddChunkPushByteMode (node:internal/streams/readable:510:3)
    at Readable.push (node:internal/streams/readable:390:5)
    at Pipe.onStreamRead (node:internal/stream_base_commons:189:23)[39m
