
> build
> vite build

[36mvite v7.3.1 [32mbuilding client environment for production...[36m[39m
transforming...
node.exe : Browserslist: browsers data (caniuse-lite) is 8 months old. Please run:
At line:1 char:1
+ & "C:\Program Files\nodejs/node.exe" "C:\Users\skmir\AppData\Roaming\ ...
+ ~~~~~~~~~~~~~~~~~~~~~~~~~~~~~~~~~~~~~~~~~~~~~~~~~~~~~~~~~~~~~~~~~~~~~
    + CategoryInfo          : NotSpecified: (Browserslist: b...ld. Please run::String) [], RemoteException
    + FullyQualifiedErrorId : NativeCommandError
 
  npx update-browserslist-db@latest
  Why you should do it regularly: https://github.com/browserslist/update-db#readme
[32mΓ£ô[39m 52 modules transformed.
[31mΓ£ù[39m Build failed in 2.86s
[31merror during build:
[31m[vite:css] [postcss] D:/CSE 7th SEMESTER/exam_guard/backend/resources/css/app.css:2:16000: `@layer base` is used 
but no matching `@tailwind base` directive is present.[31m
file: [36mD:/CSE 7th SEMESTER/exam_guard/backend/resources/css/app.css:2:15999[31m
    at Input.error (D:\CSE 7th SEMESTER\exam_guard\backend\node_modules\postcss\lib\input.js:135:16)
    at AtRule.error (D:\CSE 7th SEMESTER\exam_guard\backend\node_modules\postcss\lib\node.js:146:32)
    at normalizeTailwindDirectives (D:\CSE 7th 
SEMESTER\exam_guard\node_modules\tailwindcss\lib\lib\normalizeTailwindDirectives.js:72:32)
    at D:\CSE 7th SEMESTER\exam_guard\node_modules\tailwindcss\lib\processTailwindFeatures.js:29:98
    at plugins (D:\CSE 7th SEMESTER\exam_guard\node_modules\tailwindcss\lib\plugin.js:38:69)
    at LazyResult.runOnRoot (D:\CSE 7th SEMESTER\exam_guard\backend\node_modules\postcss\lib\lazy-result.js:361:16)
    at LazyResult.runAsync (D:\CSE 7th SEMESTER\exam_guard\backend\node_modules\postcss\lib\lazy-result.js:290:26)
    at LazyResult.async (D:\CSE 7th SEMESTER\exam_guard\backend\node_modules\postcss\lib\lazy-result.js:192:30)
    at LazyResult.then (D:\CSE 7th SEMESTER\exam_guard\backend\node_modules\postcss\lib\lazy-result.js:436:17)[39m
